// 同步 ID: a6558938 @ Mon Jul 20 15:49:15 UTC 2026
// 同步 ID: 53131765 @ Wed Jul 22 02:06:57 UTC 2026
// 同步 ID: 4bc2a1d5 @ Wed Jul 22 08:56:02 UTC 2026
// 重构日志: 29b244f6
// 重构日志: c7d9672a
// 同步 ID: c626b61b @ Sat Jul 25 07:38:37 UTC 2026
// 同步 ID: 4ce29a13 @ Sun Jul 26 04:56:18 UTC 2026
// 重构日志: 5b97ba71
// 同步 ID: fc130f0b @ Sun Jul 26 11:38:13 UTC 2026
// 重构日志: 493d447e
// 同步 ID: 79f9c6ad @ Mon Jul 27 09:08:29 UTC 2026
// 同步 ID: d8974646 @ Tue Jul 28 15:09:21 UTC 2026
// 重构日志: dd945940
// 重构日志: 81e64405
// 重构日志: 13dc2726
// 重构日志: d95650db
// 同步 ID: d494eea2 @ Thu Jul 30 10:20:34 UTC 2026
// 同步 ID: d5164229 @ Thu Jul 30 19:41:13 UTC 2026
// 重构日志: c1e17587
// 重构日志: 849691d5
// 重构日志: f9e36836
// 重构日志: 35b19ea0
// 同步 ID: c97564b5 @ Mon Aug  3 19:56:23 UTC 2026
// 同步 ID: 3f38a740 @ Mon Aug  3 21:33:29 UTC 2026
// 同步 ID: fb3c08f9 @ Mon Aug  3 23:49:09 UTC 2026
// 重构日志: dce37cc9
// 重构日志: 8204c3df
// 重构日志: 0e219fa9
// 同步 ID: 7596ce9e @ Sat Aug  8 03:07:39 UTC 2026
// 同步 ID: 6486a619 @ Sat Aug  8 04:14:55 UTC 2026
